<?xml version="1.0" encoding="UTF-8"?>
<testsuites>
  <testsuite name="" tests="2" assertions="2" errors="0" warnings="0" failures="0" skipped="0" time="2.287909">
    <testsuite name="Unit" tests="1" assertions="1" errors="0" warnings="0" failures="0" skipped="0" time="0.195541">
      <testsuite name="Tests\Unit\ExampleTest" file="D:\Escritorio\Practica de mes\Calculadora\tests\Unit\ExampleTest.php" tests="1" assertions="1" errors="0" warnings="0" failures="0" skipped="0" time="0.195541">
        <testcase name="test_example" class="Tests\Unit\ExampleTest" classname="Tests.Unit.ExampleTest" file="D:\Escritorio\Practica de mes\Calculadora\tests\Unit\ExampleTest.php" line="14" assertions="1" time="0.195541"/>
      </testsuite>
    </testsuite>
    <testsuite name="Feature" tests="1" assertions="1" errors="0" warnings="0" failures="0" skipped="0" time="2.092368">
      <testsuite name="Tests\Feature\ExampleTest" file="D:\Escritorio\Practica de mes\Calculadora\tests\Feature\ExampleTest.php" tests="1" assertions="1" errors="0" warnings="0" failures="0" skipped="0" time="2.092368">
        <testcase name="test_example" class="Tests\Feature\ExampleTest" classname="Tests.Feature.ExampleTest" file="D:\Escritorio\Practica de mes\Calculadora\tests\Feature\ExampleTest.php" line="15" assertions="1" time="2.092368"/>
      </testsuite>
    </testsuite>
  </testsuite>
</testsuites>
